// Jest Snapshot v1, https://goo.gl/fbAQLP

exports[`<RegisterInputOrg /> matches snapshot 1`] = `
<div>
  <div
    class="flex mb-4"
  >
    <input
      class="border rounded flex-1 p-2 mr-4"
      id="test"
      placeholder="test"
      type="text"
    />
    <button
      class="border-solid border-2 border-black rounded-md bg-white px-4 py-2 flex justify-center align-center undefined"
      type="button"
    >
      확인하기
    </button>
  </div>
</div>
`;
